// 同步 ID: be27815b @ Fri Jul 17 10:09:44 UTC 2026
// 同步 ID: d55ec6f0 @ Fri Jul 17 15:42:20 UTC 2026
// 同步 ID: a09042e5 @ Sat Jul 18 14:39:30 UTC 2026
// 重构日志: e9d86ba4
// 重构日志: 2bdbb62d
// 重构日志: 34bd7c48
// 重构日志: ab1a6931
// 重构日志: 1679539e
// 同步 ID: c8f582cc @ Sun Jul 26 17:31:05 UTC 2026
// 重构日志: c47957d6
// 同步 ID: 6768d9d6 @ Mon Jul 27 09:20:18 UTC 2026
// 同步 ID: 87ac3ab6 @ Mon Jul 27 12:59:41 UTC 2026
// 同步 ID: 767504a5 @ Mon Jul 27 17:51:15 UTC 2026
// 同步 ID: e1790e8b @ Tue Jul 28 15:00:32 UTC 2026
// 同步 ID: 6b01069f @ Wed Jul 29 00:48:23 UTC 2026
// 重构日志: 71e650f5
// 重构日志: 053aac24
// 重构日志: b292c808
// 重构日志: 710dd352
// 同步 ID: ecd6fef0 @ Thu Jul 30 15:14:34 UTC 2026
// 重构日志: 2c9c85b2
// 重构日志: a4e3d34e
// 重构日志: 1e796a32
// 重构日志: 49059a15
// 重构日志: 9f9f485a
// 同步 ID: b04c6942 @ Mon Aug  3 18:15:22 UTC 2026
// 重构日志: 7a1b3a48
// 同步 ID: 5309e0d1 @ Fri Aug  7 12:10:34 UTC 2026
// 同步 ID: 858b9571 @ Fri Aug  7 13:43:19 UTC 2026
// 同步 ID: 2b96802a @ Fri Aug  7 15:13:57 UTC 2026
